// Jest Snapshot v1, https://goo.gl/fbAQLP

exports[`QuoteCard renders the correct component 1`] = `
<DocumentFragment>
  <div
    class="QuoteCard"
  >
    Random Quote- This is the quote
  </div>
</DocumentFragment>
`;
